Enter user-name: scott
Enter password:

Connected to:
Oracle Database 11g Enterprise Edition Release 11.1.0.7.0 - Production
With the Partitioning, OLAP, Data Mining and Real Application Testing options

SQL> sho user;
USER is "SCOTT"
SQL> create user uday identified by password;
create user uday identified by password
                               *
ERROR at line 1:
ORA-01031: insufficient privileges


SQL> conn as SYS
SP2-0306: Invalid option.
Usage: CONN[ECT] [logon] [AS {SYSDBA|SYSOPER|SYSASM}]
where <logon>  ::= <username>[/<password>][@<connect_identifier>] [edition=value] | /
SQL> connect logon as SYSDBA
Enter password:
Connected.
SQL> grant create view to SCOTT;

Grant succeeded.

SQL> grant connect to SCOTT;

Grant succeeded.

SQL> grant resorce to SCOTT;
grant resorce to SCOTT
      *
ERROR at line 1:
ORA-01919: role 'RESORCE' does not exist


SQL> grant resource to SCOTT;

Grant succeeded.

SQL> select * from dba_role_privs where grantee='SCOTT';

GRANTEE             GRANTED_ROLE                   ADM DEF
------------ ----------- -
SCOTT               RESOURCE                       NO  YES
SCOTT               CONNECT                        NO  YES

SQL> connect logon as SCOTT
SP2-0306: Invalid option.
Usage: CONN[ECT] [logon] [AS {SYSDBA|SYSOPER|SYSASM}]
where <logon>  ::= <username>[/<password>][@<connect_identifier>] [edition=value] | /
SQL> show user;
USER is "SYS"
SQL> conn scott/tiger
Connected.
SQL> sho user;
USER is "SCOTT"
SQL> select * from user_role_priv;
select * from user_role_priv
              *
ERROR at line 1:
ORA-00942: table or view does not exist


SQL> select * from user_role_privs;

USERNAME                       GRANTED_ROLE                   ADM DEF OS_
------------------------------ ------------------------------ --- --- ---
SCOTT                          CONNECT                        NO  YES NO
SCOTT                          RESOURCE                       NO  YES NO

SQL>